// Jest Snapshot v1, https://goo.gl/fbAQLP

exports[`ContextMenu Component Should render 1`] = `
<div
  class="css-ar73w8-Messages"
/>
`;
